<html>
<body>
<pre>
<h1>µVision Build Log</h1>
<h2>Tool Versions:</h2>
IDE-Version: ¦ÌVision V5.20.0.0
Copyright (C) 2016 ARM Ltd and ARM Germany GmbH. All rights reserved.
License Information: wnl thinkpad, bct, LIC=1WS74-FILA6-LTS3E-5T34Y-VUYXU-US440
 
Tool Versions:
Toolchain:       MDK-ARM Professional  Version: 5.20
Toolchain Path:  E:\Keil_520\ARM\ARMCC\Bin
C Compiler:      Armcc.exe V5.06 update 2 (build 183)
Assembler:       Armasm.exe V5.06 update 2 (build 183)
Linker/Locator:  ArmLink.exe V5.06 update 2 (build 183)
Library Manager: ArmAr.exe V5.06 update 2 (build 183)
Hex Converter:   FromElf.exe V5.06 update 2 (build 183)
CPU DLL:         SARMCM3.DLL V5.20
Dialog DLL:      DCM.DLL V1.13.7.0
Target DLL:      STLink\ST-LINKIII-KEIL_SWO.dll V2.0.18.0
Dialog DLL:      TCM.DLL V1.14.9.0
 
<h2>Project:</h2>
E:\wxg_shakesensor\Shaker_sw_V3\shakeV3_demo\shaker_v3\MDK-ARM\shaker_v3.uvprojx
Project File Date:  12/22/2016

<h2>Output:</h2>
*** Using Compiler 'V5.06 update 2 (build 183)', folder: 'E:\Keil_520\ARM\ARMCC\Bin'
Build target 'shaker_v3'
compiling stm32l4xx_hal_uart_ex.c...
compiling stm32l4xx_hal_gpio.c...
compiling stm32l4xx_hal_i2c_ex.c...
compiling stm32l4xx_ll_usb.c...
compiling stm32l4xx_hal_flash_ex.c...
compiling stm32l4xx_hal_uart.c...
compiling stm32l4xx_hal.c...
compiling stm32l4xx_hal_pcd_ex.c...
compiling stm32l4xx_hal_adc_ex.c...
compiling stm32l4xx_hal_flash_ramfunc.c...
compiling stm32l4xx_hal_pwr_ex.c...
compiling stm32l4xx_hal_flash.c...
compiling stm32l4xx_hal_pwr.c...
compiling stm32l4xx_hal_cortex.c...
compiling stm32l4xx_hal_rcc.c...
compiling stm32l4xx_hal_spi_ex.c...
compiling stm32l4xx_hal_i2c.c...
compiling stm32l4xx_hal_adc.c...
compiling stm32l4xx_hal_pcd.c...
compiling stm32l4xx_hal_rcc_ex.c...
compiling stm32l4xx_hal_tim.c...
compiling stm32l4xx_hal_dma.c...
compiling stm32l4xx_hal_tim_ex.c...
assembling startup_stm32l433xx.s...
compiling stm32l4xx_hal_spi.c...
compiling usb_device.c...
compiling system_stm32l4xx.c...
compiling main.c...
compiling stm32l4xx_it.c...
compiling stm32l4xx_hal_msp.c...
compiling usbd_cdc_if.c...
compiling usbd_desc.c...
compiling usbd_ioreq.c...
compiling usbd_conf.c...
compiling usbd_ctlreq.c...
compiling usbd_cdc.c...
compiling usbd_core.c...
linking...
Program Size: Code=18584 RO-data=500 RW-data=380 ZI-data=4548  
"shaker_v3\shaker_v3.axf" - 0 Error(s), 0 Warning(s).

<h2>Software Packages used:</h2>

Package Vendor: ARM
                http://www.keil.com/pack/ARM.CMSIS.5.0.0-Beta4.pack
                ARM::CMSIS:CORE:5.0.0
                CMSIS (Cortex Microcontroller Software Interface Standard)
   * Component: CORE Version: 5.0.0

<h2>Collection of Component include folders:</h2>
  E:\wxg_shakesensor\Shaker_sw_V3\shakeV3_demo\shaker_v3\MDK-ARM\RTE
  E:\Keil_520\ARM\PACK\ARM\CMSIS\5.0.0-Beta4\CMSIS\Include
  E:\Keil_520\ARM\PACK\Keil\STM32L4xx_DFP\1.2.0\Device\Include

<h2>Collection of Component Files used:</h2>

   * Component: ARM::CMSIS:CORE:5.0.0
Build Time Elapsed:  00:02:45
</pre>
</body>
</html>
